In file included from /Users/ivoliondov/Github/approov-service-react-native/tests/ios/native-mini-sdk/ApproovNativeMiniSDKTests.m:7:
In file included from /Users/ivoliondov/Github/approov-service-react-native/ios/ApproovPinningDelegate.h:25:
/Users/ivoliondov/Github/approov-service-react-native/ios/ApproovService.h:38:24: warning: pointer is missing a nullability type specifier (_Nonnull, _Nullable, or _Null_unspecified) [-Wnullability-completeness]
   38 | @property NSURLRequest *request;
      |                        ^
/Users/ivoliondov/Github/approov-service-react-native/ios/ApproovService.h:38:24: note: insert '_Nullable' if the pointer may be null
   38 | @property NSURLRequest *request;
      |                        ^
      |                          _Nullable 
/Users/ivoliondov/Github/approov-service-react-native/ios/ApproovService.h:38:24: note: insert '_Nonnull' if the pointer should never be null
   38 | @property NSURLRequest *request;
      |                        ^
      |                          _Nonnull 
/Users/ivoliondov/Github/approov-service-react-native/ios/ApproovService.h:85:29: warning: pointer is missing a nullability type specifier (_Nonnull, _Nullable, or _Null_unspecified) [-Wnullability-completeness]
   85 | - (ApproovInterceptorResult *)interceptRequest:(NSURLRequest *)request;
      |                             ^
/Users/ivoliondov/Github/approov-service-react-native/ios/ApproovService.h:85:29: note: insert '_Nullable' if the pointer may be null
   85 | - (ApproovInterceptorResult *)interceptRequest:(NSURLRequest *)request;
      |                             ^
      |                              _Nullable
/Users/ivoliondov/Github/approov-service-react-native/ios/ApproovService.h:85:29: note: insert '_Nonnull' if the pointer should never be null
   85 | - (ApproovInterceptorResult *)interceptRequest:(NSURLRequest *)request;
      |                             ^
      |                              _Nonnull
/Users/ivoliondov/Github/approov-service-react-native/ios/ApproovService.h:85:62: warning: pointer is missing a nullability type specifier (_Nonnull, _Nullable, or _Null_unspecified) [-Wnullability-completeness]
   85 | - (ApproovInterceptorResult *)interceptRequest:(NSURLRequest *)request;
      |                                                              ^
/Users/ivoliondov/Github/approov-service-react-native/ios/ApproovService.h:85:62: note: insert '_Nullable' if the pointer may be null
   85 | - (ApproovInterceptorResult *)interceptRequest:(NSURLRequest *)request;
      |                                                              ^
      |                                                               _Nullable
/Users/ivoliondov/Github/approov-service-react-native/ios/ApproovService.h:85:62: note: insert '_Nonnull' if the pointer should never be null
   85 | - (ApproovInterceptorResult *)interceptRequest:(NSURLRequest *)request;
      |                                                              ^
      |                                                               _Nonnull
/Users/ivoliondov/Github/approov-service-react-native/ios/ApproovService.h:92:37: warning: pointer is missing a nullability type specifier (_Nonnull, _Nullable, or _Null_unspecified) [-Wnullability-completeness]
   92 | - (ApproovTrustDecision)verifyPins:(SecTrustRef)serverTrust
      |                                     ^
/Users/ivoliondov/Github/approov-service-react-native/ios/ApproovService.h:92:37: note: insert '_Nullable' if the pointer may be null
   92 | - (ApproovTrustDecision)verifyPins:(SecTrustRef)serverTrust
      |                                     ^          
      |                                                 _Nullable 
/Users/ivoliondov/Github/approov-service-react-native/ios/ApproovService.h:92:37: note: insert '_Nonnull' if the pointer should never be null
   92 | - (ApproovTrustDecision)verifyPins:(SecTrustRef)serverTrust
      |                                     ^          
      |                                                 _Nonnull 
/Users/ivoliondov/Github/approov-service-react-native/ios/ApproovService.h:93:46: warning: pointer is missing a nullability type specifier (_Nonnull, _Nullable, or _Null_unspecified) [-Wnullability-completeness]
   93 |                            forHost:(NSString *)host;
      |                                              ^
/Users/ivoliondov/Github/approov-service-react-native/ios/ApproovService.h:93:46: note: insert '_Nullable' if the pointer may be null
   93 |                            forHost:(NSString *)host;
      |                                              ^
      |                                               _Nullable
/Users/ivoliondov/Github/approov-service-react-native/ios/ApproovService.h:93:46: note: insert '_Nonnull' if the pointer should never be null
   93 |                            forHost:(NSString *)host;
      |                                              ^
      |                                               _Nonnull
/Users/ivoliondov/Github/approov-service-react-native/ios/ApproovService.h:105:13: warning: pointer is missing a nullability type specifier (_Nonnull, _Nullable, or _Null_unspecified) [-Wnullability-completeness]
  105 | + (NSString *)sharedTokenHeader;
      |             ^
/Users/ivoliondov/Github/approov-service-react-native/ios/ApproovService.h:105:13: note: insert '_Nullable' if the pointer may be null
  105 | + (NSString *)sharedTokenHeader;
      |             ^
      |              _Nullable
/Users/ivoliondov/Github/approov-service-react-native/ios/ApproovService.h:105:13: note: insert '_Nonnull' if the pointer should never be null
  105 | + (NSString *)sharedTokenHeader;
      |             ^
      |              _Nonnull
/Users/ivoliondov/Github/approov-service-react-native/ios/ApproovService.h:110:13: warning: pointer is missing a nullability type specifier (_Nonnull, _Nullable, or _Null_unspecified) [-Wnullability-completeness]
  110 | + (NSString *)sharedTraceIDHeader;
      |             ^
/Users/ivoliondov/Github/approov-service-react-native/ios/ApproovService.h:110:13: note: insert '_Nullable' if the pointer may be null
  110 | + (NSString *)sharedTraceIDHeader;
      |             ^
      |              _Nullable
/Users/ivoliondov/Github/approov-service-react-native/ios/ApproovService.h:110:13: note: insert '_Nonnull' if the pointer should never be null
  110 | + (NSString *)sharedTraceIDHeader;
      |             ^
      |              _Nonnull
/Users/ivoliondov/Github/approov-service-react-native/ios/ApproovService.h:115:29: warning: pointer is missing a nullability type specifier (_Nonnull, _Nullable, or _Null_unspecified) [-Wnullability-completeness]
  115 | + (NSMutableSet<NSString *> *)sharedExclusionURLRegexs;
      |                             ^
/Users/ivoliondov/Github/approov-service-react-native/ios/ApproovService.h:115:29: note: insert '_Nullable' if the pointer may be null
  115 | + (NSMutableSet<NSString *> *)sharedExclusionURLRegexs;
      |                             ^
      |                              _Nullable
/Users/ivoliondov/Github/approov-service-react-native/ios/ApproovService.h:115:29: note: insert '_Nonnull' if the pointer should never be null
  115 | + (NSMutableSet<NSString *> *)sharedExclusionURLRegexs;
      |                             ^
      |                              _Nonnull
/Users/ivoliondov/Github/approov-service-react-native/ios/ApproovService.h:121:13: warning: pointer is missing a nullability type specifier (_Nonnull, _Nullable, or _Null_unspecified) [-Wnullability-completeness]
  121 | + (NSString *)getInstallMessageSignature:(NSString *)message;
      |             ^
/Users/ivoliondov/Github/approov-service-react-native/ios/ApproovService.h:121:13: note: insert '_Nullable' if the pointer may be null
  121 | + (NSString *)getInstallMessageSignature:(NSString *)message;
      |             ^
      |              _Nullable
/Users/ivoliondov/Github/approov-service-react-native/ios/ApproovService.h:121:13: note: insert '_Nonnull' if the pointer should never be null
  121 | + (NSString *)getInstallMessageSignature:(NSString *)message;
      |             ^
      |              _Nonnull
/Users/ivoliondov/Github/approov-service-react-native/ios/ApproovService.h:121:52: warning: pointer is missing a nullability type specifier (_Nonnull, _Nullable, or _Null_unspecified) [-Wnullability-completeness]
  121 | + (NSString *)getInstallMessageSignature:(NSString *)message;
      |                                                    ^
/Users/ivoliondov/Github/approov-service-react-native/ios/ApproovService.h:121:52: note: insert '_Nullable' if the pointer may be null
  121 | + (NSString *)getInstallMessageSignature:(NSString *)message;
      |                                                    ^
      |                                                     _Nullable
/Users/ivoliondov/Github/approov-service-react-native/ios/ApproovService.h:121:52: note: insert '_Nonnull' if the pointer should never be null
  121 | + (NSString *)getInstallMessageSignature:(NSString *)message;
      |                                                    ^
      |                                                     _Nonnull
/Users/ivoliondov/Github/approov-service-react-native/ios/ApproovService.h:127:13: warning: pointer is missing a nullability type specifier (_Nonnull, _Nullable, or _Null_unspecified) [-Wnullability-completeness]
  127 | + (NSString *)getAccountMessageSignature:(NSString *)message;
      |             ^
/Users/ivoliondov/Github/approov-service-react-native/ios/ApproovService.h:127:13: note: insert '_Nullable' if the pointer may be null
  127 | + (NSString *)getAccountMessageSignature:(NSString *)message;
      |             ^
      |              _Nullable
/Users/ivoliondov/Github/approov-service-react-native/ios/ApproovService.h:127:13: note: insert '_Nonnull' if the pointer should never be null
  127 | + (NSString *)getAccountMessageSignature:(NSString *)message;
      |             ^
      |              _Nonnull
/Users/ivoliondov/Github/approov-service-react-native/ios/ApproovService.h:127:52: warning: pointer is missing a nullability type specifier (_Nonnull, _Nullable, or _Null_unspecified) [-Wnullability-completeness]
  127 | + (NSString *)getAccountMessageSignature:(NSString *)message;
      |                                                    ^
/Users/ivoliondov/Github/approov-service-react-native/ios/ApproovService.h:127:52: note: insert '_Nullable' if the pointer may be null
  127 | + (NSString *)getAccountMessageSignature:(NSString *)message;
      |                                                    ^
      |                                                     _Nullable
/Users/ivoliondov/Github/approov-service-react-native/ios/ApproovService.h:127:52: note: insert '_Nonnull' if the pointer should never be null
  127 | + (NSString *)getAccountMessageSignature:(NSString *)message;
      |                                                    ^
      |                                                     _Nonnull
/Users/ivoliondov/Github/approov-service-react-native/ios/ApproovService.h:136:36: warning: pointer is missing a nullability type specifier (_Nonnull, _Nullable, or _Null_unspecified) [-Wnullability-completeness]
  136 | - (void)fetchWithApproov:(NSString *)url
      |                                    ^
/Users/ivoliondov/Github/approov-service-react-native/ios/ApproovService.h:136:36: note: insert '_Nullable' if the pointer may be null
  136 | - (void)fetchWithApproov:(NSString *)url
      |                                    ^
      |                                     _Nullable
/Users/ivoliondov/Github/approov-service-react-native/ios/ApproovService.h:136:36: note: insert '_Nonnull' if the pointer should never be null
  136 | - (void)fetchWithApproov:(NSString *)url
      |                                    ^
      |                                     _Nonnull
/Users/ivoliondov/Github/approov-service-react-native/ios/ApproovService.h:137:40: warning: pointer is missing a nullability type specifier (_Nonnull, _Nullable, or _Null_unspecified) [-Wnullability-completeness]
  137 |                  options:(NSDictionary *)options
      |                                        ^
/Users/ivoliondov/Github/approov-service-react-native/ios/ApproovService.h:137:40: note: insert '_Nullable' if the pointer may be null
  137 |                  options:(NSDictionary *)options
      |                                        ^
      |                                         _Nullable
/Users/ivoliondov/Github/approov-service-react-native/ios/ApproovService.h:137:40: note: insert '_Nonnull' if the pointer should never be null
  137 |                  options:(NSDictionary *)options
      |                                        ^
      |                                         _Nonnull
/Users/ivoliondov/Github/approov-service-react-native/ios/ApproovService.h:138:27: warning: block pointer is missing a nullability type specifier (_Nonnull, _Nullable, or _Null_unspecified) [-Wnullability-completeness]
  138 |                 resolver:(RCTPromiseResolveBlock)resolve
      |                           ^
/Users/ivoliondov/Github/approov-service-react-native/ios/ApproovService.h:138:27: note: insert '_Nullable' if the block pointer may be null
  138 |                 resolver:(RCTPromiseResolveBlock)resolve
      |                           ^                     
      |                                                  _Nullable 
/Users/ivoliondov/Github/approov-service-react-native/ios/ApproovService.h:138:27: note: insert '_Nonnull' if the block pointer should never be null
  138 |                 resolver:(RCTPromiseResolveBlock)resolve
      |                           ^                     
      |                                                  _Nonnull 
/Users/ivoliondov/Github/approov-service-react-native/ios/ApproovService.h:139:27: warning: block pointer is missing a nullability type specifier (_Nonnull, _Nullable, or _Null_unspecified) [-Wnullability-completeness]
  139 |                 rejecter:(RCTPromiseRejectBlock)reject;
      |                           ^
/Users/ivoliondov/Github/approov-service-react-native/ios/ApproovService.h:139:27: note: insert '_Nullable' if the block pointer may be null
  139 |                 rejecter:(RCTPromiseRejectBlock)reject;
      |                           ^                    
      |                                                 _Nullable 
/Users/ivoliondov/Github/approov-service-react-native/ios/ApproovService.h:139:27: note: insert '_Nonnull' if the block pointer should never be null
  139 |                 rejecter:(RCTPromiseRejectBlock)reject;
      |                           ^                    
      |                                                 _Nonnull 
16 warnings generated.
In file included from /Users/ivoliondov/Github/approov-service-react-native/tests/ios/native/TestSupport/ApproovServiceMutatorBridgeStub.m:3:
/Users/ivoliondov/Github/approov-service-react-native/ios/ApproovService.h:38:24: warning: pointer is missing a nullability type specifier (_Nonnull, _Nullable, or _Null_unspecified) [-Wnullability-completeness]
   38 | @property NSURLRequest *request;
      |                        ^
/Users/ivoliondov/Github/approov-service-react-native/ios/ApproovService.h:38:24: note: insert '_Nullable' if the pointer may be null
   38 | @property NSURLRequest *request;
      |                        ^
      |                          _Nullable 
/Users/ivoliondov/Github/approov-service-react-native/ios/ApproovService.h:38:24: note: insert '_Nonnull' if the pointer should never be null
   38 | @property NSURLRequest *request;
      |                        ^
      |                          _Nonnull 
/Users/ivoliondov/Github/approov-service-react-native/ios/ApproovService.h:85:29: warning: pointer is missing a nullability type specifier (_Nonnull, _Nullable, or _Null_unspecified) [-Wnullability-completeness]
   85 | - (ApproovInterceptorResult *)interceptRequest:(NSURLRequest *)request;
      |                             ^
/Users/ivoliondov/Github/approov-service-react-native/ios/ApproovService.h:85:29: note: insert '_Nullable' if the pointer may be null
   85 | - (ApproovInterceptorResult *)interceptRequest:(NSURLRequest *)request;
      |                             ^
      |                              _Nullable
/Users/ivoliondov/Github/approov-service-react-native/ios/ApproovService.h:85:29: note: insert '_Nonnull' if the pointer should never be null
   85 | - (ApproovInterceptorResult *)interceptRequest:(NSURLRequest *)request;
      |                             ^
      |                              _Nonnull
/Users/ivoliondov/Github/approov-service-react-native/ios/ApproovService.h:85:62: warning: pointer is missing a nullability type specifier (_Nonnull, _Nullable, or _Null_unspecified) [-Wnullability-completeness]
   85 | - (ApproovInterceptorResult *)interceptRequest:(NSURLRequest *)request;
      |                                                              ^
/Users/ivoliondov/Github/approov-service-react-native/ios/ApproovService.h:85:62: note: insert '_Nullable' if the pointer may be null
   85 | - (ApproovInterceptorResult *)interceptRequest:(NSURLRequest *)request;
      |                                                              ^
      |                                                               _Nullable
/Users/ivoliondov/Github/approov-service-react-native/ios/ApproovService.h:85:62: note: insert '_Nonnull' if the pointer should never be null
   85 | - (ApproovInterceptorResult *)interceptRequest:(NSURLRequest *)request;
      |                                                              ^
      |                                                               _Nonnull
/Users/ivoliondov/Github/approov-service-react-native/ios/ApproovService.h:92:37: warning: pointer is missing a nullability type specifier (_Nonnull, _Nullable, or _Null_unspecified) [-Wnullability-completeness]
   92 | - (ApproovTrustDecision)verifyPins:(SecTrustRef)serverTrust
      |                                     ^
/Users/ivoliondov/Github/approov-service-react-native/ios/ApproovService.h:92:37: note: insert '_Nullable' if the pointer may be null
   92 | - (ApproovTrustDecision)verifyPins:(SecTrustRef)serverTrust
      |                                     ^          
      |                                                 _Nullable 
/Users/ivoliondov/Github/approov-service-react-native/ios/ApproovService.h:92:37: note: insert '_Nonnull' if the pointer should never be null
   92 | - (ApproovTrustDecision)verifyPins:(SecTrustRef)serverTrust
      |                                     ^          
      |                                                 _Nonnull 
/Users/ivoliondov/Github/approov-service-react-native/ios/ApproovService.h:93:46: warning: pointer is missing a nullability type specifier (_Nonnull, _Nullable, or _Null_unspecified) [-Wnullability-completeness]
   93 |                            forHost:(NSString *)host;
      |                                              ^
/Users/ivoliondov/Github/approov-service-react-native/ios/ApproovService.h:93:46: note: insert '_Nullable' if the pointer may be null
   93 |                            forHost:(NSString *)host;
      |                                              ^
      |                                               _Nullable
/Users/ivoliondov/Github/approov-service-react-native/ios/ApproovService.h:93:46: note: insert '_Nonnull' if the pointer should never be null
   93 |                            forHost:(NSString *)host;
      |                                              ^
      |                                               _Nonnull
/Users/ivoliondov/Github/approov-service-react-native/ios/ApproovService.h:105:13: warning: pointer is missing a nullability type specifier (_Nonnull, _Nullable, or _Null_unspecified) [-Wnullability-completeness]
  105 | + (NSString *)sharedTokenHeader;
      |             ^
/Users/ivoliondov/Github/approov-service-react-native/ios/ApproovService.h:105:13: note: insert '_Nullable' if the pointer may be null
  105 | + (NSString *)sharedTokenHeader;
      |             ^
      |              _Nullable
/Users/ivoliondov/Github/approov-service-react-native/ios/ApproovService.h:105:13: note: insert '_Nonnull' if the pointer should never be null
  105 | + (NSString *)sharedTokenHeader;
      |             ^
      |              _Nonnull
/Users/ivoliondov/Github/approov-service-react-native/ios/ApproovService.h:110:13: warning: pointer is missing a nullability type specifier (_Nonnull, _Nullable, or _Null_unspecified) [-Wnullability-completeness]
  110 | + (NSString *)sharedTraceIDHeader;
      |             ^
/Users/ivoliondov/Github/approov-service-react-native/ios/ApproovService.h:110:13: note: insert '_Nullable' if the pointer may be null
  110 | + (NSString *)sharedTraceIDHeader;
      |             ^
      |              _Nullable
/Users/ivoliondov/Github/approov-service-react-native/ios/ApproovService.h:110:13: note: insert '_Nonnull' if the pointer should never be null
  110 | + (NSString *)sharedTraceIDHeader;
      |             ^
      |              _Nonnull
/Users/ivoliondov/Github/approov-service-react-native/ios/ApproovService.h:115:29: warning: pointer is missing a nullability type specifier (_Nonnull, _Nullable, or _Null_unspecified) [-Wnullability-completeness]
  115 | + (NSMutableSet<NSString *> *)sharedExclusionURLRegexs;
      |                             ^
/Users/ivoliondov/Github/approov-service-react-native/ios/ApproovService.h:115:29: note: insert '_Nullable' if the pointer may be null
  115 | + (NSMutableSet<NSString *> *)sharedExclusionURLRegexs;
      |                             ^
      |                              _Nullable
/Users/ivoliondov/Github/approov-service-react-native/ios/ApproovService.h:115:29: note: insert '_Nonnull' if the pointer should never be null
  115 | + (NSMutableSet<NSString *> *)sharedExclusionURLRegexs;
      |                             ^
      |                              _Nonnull
/Users/ivoliondov/Github/approov-service-react-native/ios/ApproovService.h:121:13: warning: pointer is missing a nullability type specifier (_Nonnull, _Nullable, or _Null_unspecified) [-Wnullability-completeness]
  121 | + (NSString *)getInstallMessageSignature:(NSString *)message;
      |             ^
/Users/ivoliondov/Github/approov-service-react-native/ios/ApproovService.h:121:13: note: insert '_Nullable' if the pointer may be null
  121 | + (NSString *)getInstallMessageSignature:(NSString *)message;
      |             ^
      |              _Nullable
/Users/ivoliondov/Github/approov-service-react-native/ios/ApproovService.h:121:13: note: insert '_Nonnull' if the pointer should never be null
  121 | + (NSString *)getInstallMessageSignature:(NSString *)message;
      |             ^
      |              _Nonnull
/Users/ivoliondov/Github/approov-service-react-native/ios/ApproovService.h:121:52: warning: pointer is missing a nullability type specifier (_Nonnull, _Nullable, or _Null_unspecified) [-Wnullability-completeness]
  121 | + (NSString *)getInstallMessageSignature:(NSString *)message;
      |                                                    ^
/Users/ivoliondov/Github/approov-service-react-native/ios/ApproovService.h:121:52: note: insert '_Nullable' if the pointer may be null
  121 | + (NSString *)getInstallMessageSignature:(NSString *)message;
      |                                                    ^
      |                                                     _Nullable
/Users/ivoliondov/Github/approov-service-react-native/ios/ApproovService.h:121:52: note: insert '_Nonnull' if the pointer should never be null
  121 | + (NSString *)getInstallMessageSignature:(NSString *)message;
      |                                                    ^
      |                                                     _Nonnull
/Users/ivoliondov/Github/approov-service-react-native/ios/ApproovService.h:127:13: warning: pointer is missing a nullability type specifier (_Nonnull, _Nullable, or _Null_unspecified) [-Wnullability-completeness]
  127 | + (NSString *)getAccountMessageSignature:(NSString *)message;
      |             ^
/Users/ivoliondov/Github/approov-service-react-native/ios/ApproovService.h:127:13: note: insert '_Nullable' if the pointer may be null
  127 | + (NSString *)getAccountMessageSignature:(NSString *)message;
      |             ^
      |              _Nullable
/Users/ivoliondov/Github/approov-service-react-native/ios/ApproovService.h:127:13: note: insert '_Nonnull' if the pointer should never be null
  127 | + (NSString *)getAccountMessageSignature:(NSString *)message;
      |             ^
      |              _Nonnull
/Users/ivoliondov/Github/approov-service-react-native/ios/ApproovService.h:127:52: warning: pointer is missing a nullability type specifier (_Nonnull, _Nullable, or _Null_unspecified) [-Wnullability-completeness]
  127 | + (NSString *)getAccountMessageSignature:(NSString *)message;
      |                                                    ^
/Users/ivoliondov/Github/approov-service-react-native/ios/ApproovService.h:127:52: note: insert '_Nullable' if the pointer may be null
  127 | + (NSString *)getAccountMessageSignature:(NSString *)message;
      |                                                    ^
      |                                                     _Nullable
/Users/ivoliondov/Github/approov-service-react-native/ios/ApproovService.h:127:52: note: insert '_Nonnull' if the pointer should never be null
  127 | + (NSString *)getAccountMessageSignature:(NSString *)message;
      |                                                    ^
      |                                                     _Nonnull
/Users/ivoliondov/Github/approov-service-react-native/ios/ApproovService.h:136:36: warning: pointer is missing a nullability type specifier (_Nonnull, _Nullable, or _Null_unspecified) [-Wnullability-completeness]
  136 | - (void)fetchWithApproov:(NSString *)url
      |                                    ^
/Users/ivoliondov/Github/approov-service-react-native/ios/ApproovService.h:136:36: note: insert '_Nullable' if the pointer may be null
  136 | - (void)fetchWithApproov:(NSString *)url
      |                                    ^
      |                                     _Nullable
/Users/ivoliondov/Github/approov-service-react-native/ios/ApproovService.h:136:36: note: insert '_Nonnull' if the pointer should never be null
  136 | - (void)fetchWithApproov:(NSString *)url
      |                                    ^
      |                                     _Nonnull
/Users/ivoliondov/Github/approov-service-react-native/ios/ApproovService.h:137:40: warning: pointer is missing a nullability type specifier (_Nonnull, _Nullable, or _Null_unspecified) [-Wnullability-completeness]
  137 |                  options:(NSDictionary *)options
      |                                        ^
/Users/ivoliondov/Github/approov-service-react-native/ios/ApproovService.h:137:40: note: insert '_Nullable' if the pointer may be null
  137 |                  options:(NSDictionary *)options
      |                                        ^
      |                                         _Nullable
/Users/ivoliondov/Github/approov-service-react-native/ios/ApproovService.h:137:40: note: insert '_Nonnull' if the pointer should never be null
  137 |                  options:(NSDictionary *)options
      |                                        ^
      |                                         _Nonnull
/Users/ivoliondov/Github/approov-service-react-native/ios/ApproovService.h:138:27: warning: block pointer is missing a nullability type specifier (_Nonnull, _Nullable, or _Null_unspecified) [-Wnullability-completeness]
  138 |                 resolver:(RCTPromiseResolveBlock)resolve
      |                           ^
/Users/ivoliondov/Github/approov-service-react-native/ios/ApproovService.h:138:27: note: insert '_Nullable' if the block pointer may be null
  138 |                 resolver:(RCTPromiseResolveBlock)resolve
      |                           ^                     
      |                                                  _Nullable 
/Users/ivoliondov/Github/approov-service-react-native/ios/ApproovService.h:138:27: note: insert '_Nonnull' if the block pointer should never be null
  138 |                 resolver:(RCTPromiseResolveBlock)resolve
      |                           ^                     
      |                                                  _Nonnull 
/Users/ivoliondov/Github/approov-service-react-native/ios/ApproovService.h:139:27: warning: block pointer is missing a nullability type specifier (_Nonnull, _Nullable, or _Null_unspecified) [-Wnullability-completeness]
  139 |                 rejecter:(RCTPromiseRejectBlock)reject;
      |                           ^
/Users/ivoliondov/Github/approov-service-react-native/ios/ApproovService.h:139:27: note: insert '_Nullable' if the block pointer may be null
  139 |                 rejecter:(RCTPromiseRejectBlock)reject;
      |                           ^                    
      |                                                 _Nullable 
/Users/ivoliondov/Github/approov-service-react-native/ios/ApproovService.h:139:27: note: insert '_Nonnull' if the block pointer should never be null
  139 |                 rejecter:(RCTPromiseRejectBlock)reject;
      |                           ^                    
      |                                                 _Nonnull 
16 warnings generated.
In file included from /Users/ivoliondov/Github/approov-service-react-native/ios/ApproovPinningDelegate.m:25:
In file included from /Users/ivoliondov/Github/approov-service-react-native/ios/ApproovPinningDelegate.h:25:
/Users/ivoliondov/Github/approov-service-react-native/ios/ApproovService.h:38:24: warning: pointer is missing a nullability type specifier (_Nonnull, _Nullable, or _Null_unspecified) [-Wnullability-completeness]
   38 | @property NSURLRequest *request;
      |                        ^
/Users/ivoliondov/Github/approov-service-react-native/ios/ApproovService.h:38:24: note: insert '_Nullable' if the pointer may be null
   38 | @property NSURLRequest *request;
      |                        ^
      |                          _Nullable 
/Users/ivoliondov/Github/approov-service-react-native/ios/ApproovService.h:38:24: note: insert '_Nonnull' if the pointer should never be null
   38 | @property NSURLRequest *request;
      |                        ^
      |                          _Nonnull 
/Users/ivoliondov/Github/approov-service-react-native/ios/ApproovService.h:85:29: warning: pointer is missing a nullability type specifier (_Nonnull, _Nullable, or _Null_unspecified) [-Wnullability-completeness]
   85 | - (ApproovInterceptorResult *)interceptRequest:(NSURLRequest *)request;
      |                             ^
/Users/ivoliondov/Github/approov-service-react-native/ios/ApproovService.h:85:29: note: insert '_Nullable' if the pointer may be null
   85 | - (ApproovInterceptorResult *)interceptRequest:(NSURLRequest *)request;
      |                             ^
      |                              _Nullable
/Users/ivoliondov/Github/approov-service-react-native/ios/ApproovService.h:85:29: note: insert '_Nonnull' if the pointer should never be null
   85 | - (ApproovInterceptorResult *)interceptRequest:(NSURLRequest *)request;
      |                             ^
      |                              _Nonnull
/Users/ivoliondov/Github/approov-service-react-native/ios/ApproovService.h:85:62: warning: pointer is missing a nullability type specifier (_Nonnull, _Nullable, or _Null_unspecified) [-Wnullability-completeness]
   85 | - (ApproovInterceptorResult *)interceptRequest:(NSURLRequest *)request;
      |                                                              ^
/Users/ivoliondov/Github/approov-service-react-native/ios/ApproovService.h:85:62: note: insert '_Nullable' if the pointer may be null
   85 | - (ApproovInterceptorResult *)interceptRequest:(NSURLRequest *)request;
      |                                                              ^
      |                                                               _Nullable
/Users/ivoliondov/Github/approov-service-react-native/ios/ApproovService.h:85:62: note: insert '_Nonnull' if the pointer should never be null
   85 | - (ApproovInterceptorResult *)interceptRequest:(NSURLRequest *)request;
      |                                                              ^
      |                                                               _Nonnull
/Users/ivoliondov/Github/approov-service-react-native/ios/ApproovService.h:92:37: warning: pointer is missing a nullability type specifier (_Nonnull, _Nullable, or _Null_unspecified) [-Wnullability-completeness]
   92 | - (ApproovTrustDecision)verifyPins:(SecTrustRef)serverTrust
      |                                     ^
/Users/ivoliondov/Github/approov-service-react-native/ios/ApproovService.h:92:37: note: insert '_Nullable' if the pointer may be null
   92 | - (ApproovTrustDecision)verifyPins:(SecTrustRef)serverTrust
      |                                     ^          
      |                                                 _Nullable 
/Users/ivoliondov/Github/approov-service-react-native/ios/ApproovService.h:92:37: note: insert '_Nonnull' if the pointer should never be null
   92 | - (ApproovTrustDecision)verifyPins:(SecTrustRef)serverTrust
      |                                     ^          
      |                                                 _Nonnull 
/Users/ivoliondov/Github/approov-service-react-native/ios/ApproovService.h:93:46: warning: pointer is missing a nullability type specifier (_Nonnull, _Nullable, or _Null_unspecified) [-Wnullability-completeness]
   93 |                            forHost:(NSString *)host;
      |                                              ^
/Users/ivoliondov/Github/approov-service-react-native/ios/ApproovService.h:93:46: note: insert '_Nullable' if the pointer may be null
   93 |                            forHost:(NSString *)host;
      |                                              ^
      |                                               _Nullable
/Users/ivoliondov/Github/approov-service-react-native/ios/ApproovService.h:93:46: note: insert '_Nonnull' if the pointer should never be null
   93 |                            forHost:(NSString *)host;
      |                                              ^
      |                                               _Nonnull
/Users/ivoliondov/Github/approov-service-react-native/ios/ApproovService.h:105:13: warning: pointer is missing a nullability type specifier (_Nonnull, _Nullable, or _Null_unspecified) [-Wnullability-completeness]
  105 | + (NSString *)sharedTokenHeader;
      |             ^
/Users/ivoliondov/Github/approov-service-react-native/ios/ApproovService.h:105:13: note: insert '_Nullable' if the pointer may be null
  105 | + (NSString *)sharedTokenHeader;
      |             ^
      |              _Nullable
/Users/ivoliondov/Github/approov-service-react-native/ios/ApproovService.h:105:13: note: insert '_Nonnull' if the pointer should never be null
  105 | + (NSString *)sharedTokenHeader;
      |             ^
      |              _Nonnull
/Users/ivoliondov/Github/approov-service-react-native/ios/ApproovService.h:110:13: warning: pointer is missing a nullability type specifier (_Nonnull, _Nullable, or _Null_unspecified) [-Wnullability-completeness]
  110 | + (NSString *)sharedTraceIDHeader;
      |             ^
/Users/ivoliondov/Github/approov-service-react-native/ios/ApproovService.h:110:13: note: insert '_Nullable' if the pointer may be null
  110 | + (NSString *)sharedTraceIDHeader;
      |             ^
      |              _Nullable
/Users/ivoliondov/Github/approov-service-react-native/ios/ApproovService.h:110:13: note: insert '_Nonnull' if the pointer should never be null
  110 | + (NSString *)sharedTraceIDHeader;
      |             ^
      |              _Nonnull
/Users/ivoliondov/Github/approov-service-react-native/ios/ApproovService.h:115:29: warning: pointer is missing a nullability type specifier (_Nonnull, _Nullable, or _Null_unspecified) [-Wnullability-completeness]
  115 | + (NSMutableSet<NSString *> *)sharedExclusionURLRegexs;
      |                             ^
/Users/ivoliondov/Github/approov-service-react-native/ios/ApproovService.h:115:29: note: insert '_Nullable' if the pointer may be null
  115 | + (NSMutableSet<NSString *> *)sharedExclusionURLRegexs;
      |                             ^
      |                              _Nullable
/Users/ivoliondov/Github/approov-service-react-native/ios/ApproovService.h:115:29: note: insert '_Nonnull' if the pointer should never be null
  115 | + (NSMutableSet<NSString *> *)sharedExclusionURLRegexs;
      |                             ^
      |                              _Nonnull
/Users/ivoliondov/Github/approov-service-react-native/ios/ApproovService.h:121:13: warning: pointer is missing a nullability type specifier (_Nonnull, _Nullable, or _Null_unspecified) [-Wnullability-completeness]
  121 | + (NSString *)getInstallMessageSignature:(NSString *)message;
      |             ^
/Users/ivoliondov/Github/approov-service-react-native/ios/ApproovService.h:121:13: note: insert '_Nullable' if the pointer may be null
  121 | + (NSString *)getInstallMessageSignature:(NSString *)message;
      |             ^
      |              _Nullable
/Users/ivoliondov/Github/approov-service-react-native/ios/ApproovService.h:121:13: note: insert '_Nonnull' if the pointer should never be null
  121 | + (NSString *)getInstallMessageSignature:(NSString *)message;
      |             ^
      |              _Nonnull
/Users/ivoliondov/Github/approov-service-react-native/ios/ApproovService.h:121:52: warning: pointer is missing a nullability type specifier (_Nonnull, _Nullable, or _Null_unspecified) [-Wnullability-completeness]
  121 | + (NSString *)getInstallMessageSignature:(NSString *)message;
      |                                                    ^
/Users/ivoliondov/Github/approov-service-react-native/ios/ApproovService.h:121:52: note: insert '_Nullable' if the pointer may be null
  121 | + (NSString *)getInstallMessageSignature:(NSString *)message;
      |                                                    ^
      |                                                     _Nullable
/Users/ivoliondov/Github/approov-service-react-native/ios/ApproovService.h:121:52: note: insert '_Nonnull' if the pointer should never be null
  121 | + (NSString *)getInstallMessageSignature:(NSString *)message;
      |                                                    ^
      |                                                     _Nonnull
/Users/ivoliondov/Github/approov-service-react-native/ios/ApproovService.h:127:13: warning: pointer is missing a nullability type specifier (_Nonnull, _Nullable, or _Null_unspecified) [-Wnullability-completeness]
  127 | + (NSString *)getAccountMessageSignature:(NSString *)message;
      |             ^
/Users/ivoliondov/Github/approov-service-react-native/ios/ApproovService.h:127:13: note: insert '_Nullable' if the pointer may be null
  127 | + (NSString *)getAccountMessageSignature:(NSString *)message;
      |             ^
      |              _Nullable
/Users/ivoliondov/Github/approov-service-react-native/ios/ApproovService.h:127:13: note: insert '_Nonnull' if the pointer should never be null
  127 | + (NSString *)getAccountMessageSignature:(NSString *)message;
      |             ^
      |              _Nonnull
/Users/ivoliondov/Github/approov-service-react-native/ios/ApproovService.h:127:52: warning: pointer is missing a nullability type specifier (_Nonnull, _Nullable, or _Null_unspecified) [-Wnullability-completeness]
  127 | + (NSString *)getAccountMessageSignature:(NSString *)message;
      |                                                    ^
/Users/ivoliondov/Github/approov-service-react-native/ios/ApproovService.h:127:52: note: insert '_Nullable' if the pointer may be null
  127 | + (NSString *)getAccountMessageSignature:(NSString *)message;
      |                                                    ^
      |                                                     _Nullable
/Users/ivoliondov/Github/approov-service-react-native/ios/ApproovService.h:127:52: note: insert '_Nonnull' if the pointer should never be null
  127 | + (NSString *)getAccountMessageSignature:(NSString *)message;
      |                                                    ^
      |                                                     _Nonnull
/Users/ivoliondov/Github/approov-service-react-native/ios/ApproovService.h:136:36: warning: pointer is missing a nullability type specifier (_Nonnull, _Nullable, or _Null_unspecified) [-Wnullability-completeness]
  136 | - (void)fetchWithApproov:(NSString *)url
      |                                    ^
/Users/ivoliondov/Github/approov-service-react-native/ios/ApproovService.h:136:36: note: insert '_Nullable' if the pointer may be null
  136 | - (void)fetchWithApproov:(NSString *)url
      |                                    ^
      |                                     _Nullable
/Users/ivoliondov/Github/approov-service-react-native/ios/ApproovService.h:136:36: note: insert '_Nonnull' if the pointer should never be null
  136 | - (void)fetchWithApproov:(NSString *)url
      |                                    ^
      |                                     _Nonnull
/Users/ivoliondov/Github/approov-service-react-native/ios/ApproovService.h:137:40: warning: pointer is missing a nullability type specifier (_Nonnull, _Nullable, or _Null_unspecified) [-Wnullability-completeness]
  137 |                  options:(NSDictionary *)options
      |                                        ^
/Users/ivoliondov/Github/approov-service-react-native/ios/ApproovService.h:137:40: note: insert '_Nullable' if the pointer may be null
  137 |                  options:(NSDictionary *)options
      |                                        ^
      |                                         _Nullable
/Users/ivoliondov/Github/approov-service-react-native/ios/ApproovService.h:137:40: note: insert '_Nonnull' if the pointer should never be null
  137 |                  options:(NSDictionary *)options
      |                                        ^
      |                                         _Nonnull
/Users/ivoliondov/Github/approov-service-react-native/ios/ApproovService.h:138:27: warning: block pointer is missing a nullability type specifier (_Nonnull, _Nullable, or _Null_unspecified) [-Wnullability-completeness]
  138 |                 resolver:(RCTPromiseResolveBlock)resolve
      |                           ^
/Users/ivoliondov/Github/approov-service-react-native/ios/ApproovService.h:138:27: note: insert '_Nullable' if the block pointer may be null
  138 |                 resolver:(RCTPromiseResolveBlock)resolve
      |                           ^                     
      |                                                  _Nullable 
/Users/ivoliondov/Github/approov-service-react-native/ios/ApproovService.h:138:27: note: insert '_Nonnull' if the block pointer should never be null
  138 |                 resolver:(RCTPromiseResolveBlock)resolve
      |                           ^                     
      |                                                  _Nonnull 
/Users/ivoliondov/Github/approov-service-react-native/ios/ApproovService.h:139:27: warning: block pointer is missing a nullability type specifier (_Nonnull, _Nullable, or _Null_unspecified) [-Wnullability-completeness]
  139 |                 rejecter:(RCTPromiseRejectBlock)reject;
      |                           ^
/Users/ivoliondov/Github/approov-service-react-native/ios/ApproovService.h:139:27: note: insert '_Nullable' if the block pointer may be null
  139 |                 rejecter:(RCTPromiseRejectBlock)reject;
      |                           ^                    
      |                                                 _Nullable 
/Users/ivoliondov/Github/approov-service-react-native/ios/ApproovService.h:139:27: note: insert '_Nonnull' if the block pointer should never be null
  139 |                 rejecter:(RCTPromiseRejectBlock)reject;
      |                           ^                    
      |                                                 _Nonnull 
16 warnings generated.
/Users/ivoliondov/Github/approov-service-react-native/ios/RSSwizzle.m:67:5: warning: 'OSSpinLockLock' is deprecated: first deprecated in macOS 10.12 - Use os_unfair_lock_lock() from <os/lock.h> instead [-Wdeprecated-declarations]
   67 |     OSSpinLockLock((void *)lock);
      |     ^
/Applications/Xcode.app/Contents/Developer/Platforms/MacOSX.platform/Developer/SDKs/MacOSX.sdk/usr/include/libkern/OSSpinLockDeprecated.h:99:9: note: 'OSSpinLockLock' has been explicitly marked deprecated here
   99 | void    OSSpinLockLock( volatile OSSpinLock *__lock );
      |         ^
/Users/ivoliondov/Github/approov-service-react-native/ios/RSSwizzle.m:90:5: warning: 'OSSpinLockUnlock' is deprecated: first deprecated in macOS 10.12 - Use os_unfair_lock_unlock() from <os/lock.h> instead [-Wdeprecated-declarations]
   90 |     OSSpinLockUnlock((void *)lock);
      |     ^
/Applications/Xcode.app/Contents/Developer/Platforms/MacOSX.platform/Developer/SDKs/MacOSX.sdk/usr/include/libkern/OSSpinLockDeprecated.h:105:9: note: 'OSSpinLockUnlock' has been explicitly marked deprecated here
  105 | void    OSSpinLockUnlock( volatile OSSpinLock *__lock );
      |         ^
2 warnings generated.
In file included from /Users/ivoliondov/Github/approov-service-react-native/ios/ApproovRCTInterceptor.m:25:
In file included from /Users/ivoliondov/Github/approov-service-react-native/ios/ApproovRCTInterceptor.h:25:
/Users/ivoliondov/Github/approov-service-react-native/ios/ApproovService.h:38:24: warning: pointer is missing a nullability type specifier (_Nonnull, _Nullable, or _Null_unspecified) [-Wnullability-completeness]
   38 | @property NSURLRequest *request;
      |                        ^
/Users/ivoliondov/Github/approov-service-react-native/ios/ApproovService.h:38:24: note: insert '_Nullable' if the pointer may be null
   38 | @property NSURLRequest *request;
      |                        ^
      |                          _Nullable 
/Users/ivoliondov/Github/approov-service-react-native/ios/ApproovService.h:38:24: note: insert '_Nonnull' if the pointer should never be null
   38 | @property NSURLRequest *request;
      |                        ^
      |                          _Nonnull 
/Users/ivoliondov/Github/approov-service-react-native/ios/ApproovService.h:85:29: warning: pointer is missing a nullability type specifier (_Nonnull, _Nullable, or _Null_unspecified) [-Wnullability-completeness]
   85 | - (ApproovInterceptorResult *)interceptRequest:(NSURLRequest *)request;
      |                             ^
/Users/ivoliondov/Github/approov-service-react-native/ios/ApproovService.h:85:29: note: insert '_Nullable' if the pointer may be null
   85 | - (ApproovInterceptorResult *)interceptRequest:(NSURLRequest *)request;
      |                             ^
      |                              _Nullable
/Users/ivoliondov/Github/approov-service-react-native/ios/ApproovService.h:85:29: note: insert '_Nonnull' if the pointer should never be null
   85 | - (ApproovInterceptorResult *)interceptRequest:(NSURLRequest *)request;
      |                             ^
      |                              _Nonnull
/Users/ivoliondov/Github/approov-service-react-native/ios/ApproovService.h:85:62: warning: pointer is missing a nullability type specifier (_Nonnull, _Nullable, or _Null_unspecified) [-Wnullability-completeness]
   85 | - (ApproovInterceptorResult *)interceptRequest:(NSURLRequest *)request;
      |                                                              ^
/Users/ivoliondov/Github/approov-service-react-native/ios/ApproovService.h:85:62: note: insert '_Nullable' if the pointer may be null
   85 | - (ApproovInterceptorResult *)interceptRequest:(NSURLRequest *)request;
      |                                                              ^
      |                                                               _Nullable
/Users/ivoliondov/Github/approov-service-react-native/ios/ApproovService.h:85:62: note: insert '_Nonnull' if the pointer should never be null
   85 | - (ApproovInterceptorResult *)interceptRequest:(NSURLRequest *)request;
      |                                                              ^
      |                                                               _Nonnull
/Users/ivoliondov/Github/approov-service-react-native/ios/ApproovService.h:92:37: warning: pointer is missing a nullability type specifier (_Nonnull, _Nullable, or _Null_unspecified) [-Wnullability-completeness]
   92 | - (ApproovTrustDecision)verifyPins:(SecTrustRef)serverTrust
      |                                     ^
/Users/ivoliondov/Github/approov-service-react-native/ios/ApproovService.h:92:37: note: insert '_Nullable' if the pointer may be null
   92 | - (ApproovTrustDecision)verifyPins:(SecTrustRef)serverTrust
      |                                     ^          
      |                                                 _Nullable 
/Users/ivoliondov/Github/approov-service-react-native/ios/ApproovService.h:92:37: note: insert '_Nonnull' if the pointer should never be null
   92 | - (ApproovTrustDecision)verifyPins:(SecTrustRef)serverTrust
      |                                     ^          
      |                                                 _Nonnull 
/Users/ivoliondov/Github/approov-service-react-native/ios/ApproovService.h:93:46: warning: pointer is missing a nullability type specifier (_Nonnull, _Nullable, or _Null_unspecified) [-Wnullability-completeness]
   93 |                            forHost:(NSString *)host;
      |                                              ^
/Users/ivoliondov/Github/approov-service-react-native/ios/ApproovService.h:93:46: note: insert '_Nullable' if the pointer may be null
   93 |                            forHost:(NSString *)host;
      |                                              ^
      |                                               _Nullable
/Users/ivoliondov/Github/approov-service-react-native/ios/ApproovService.h:93:46: note: insert '_Nonnull' if the pointer should never be null
   93 |                            forHost:(NSString *)host;
      |                                              ^
      |                                               _Nonnull
/Users/ivoliondov/Github/approov-service-react-native/ios/ApproovService.h:105:13: warning: pointer is missing a nullability type specifier (_Nonnull, _Nullable, or _Null_unspecified) [-Wnullability-completeness]
  105 | + (NSString *)sharedTokenHeader;
      |             ^
/Users/ivoliondov/Github/approov-service-react-native/ios/ApproovService.h:105:13: note: insert '_Nullable' if the pointer may be null
  105 | + (NSString *)sharedTokenHeader;
      |             ^
      |              _Nullable
/Users/ivoliondov/Github/approov-service-react-native/ios/ApproovService.h:105:13: note: insert '_Nonnull' if the pointer should never be null
  105 | + (NSString *)sharedTokenHeader;
      |             ^
      |              _Nonnull
/Users/ivoliondov/Github/approov-service-react-native/ios/ApproovService.h:110:13: warning: pointer is missing a nullability type specifier (_Nonnull, _Nullable, or _Null_unspecified) [-Wnullability-completeness]
  110 | + (NSString *)sharedTraceIDHeader;
      |             ^
/Users/ivoliondov/Github/approov-service-react-native/ios/ApproovService.h:110:13: note: insert '_Nullable' if the pointer may be null
  110 | + (NSString *)sharedTraceIDHeader;
      |             ^
      |              _Nullable
/Users/ivoliondov/Github/approov-service-react-native/ios/ApproovService.h:110:13: note: insert '_Nonnull' if the pointer should never be null
  110 | + (NSString *)sharedTraceIDHeader;
      |             ^
      |              _Nonnull
/Users/ivoliondov/Github/approov-service-react-native/ios/ApproovService.h:115:29: warning: pointer is missing a nullability type specifier (_Nonnull, _Nullable, or _Null_unspecified) [-Wnullability-completeness]
  115 | + (NSMutableSet<NSString *> *)sharedExclusionURLRegexs;
      |                             ^
/Users/ivoliondov/Github/approov-service-react-native/ios/ApproovService.h:115:29: note: insert '_Nullable' if the pointer may be null
  115 | + (NSMutableSet<NSString *> *)sharedExclusionURLRegexs;
      |                             ^
      |                              _Nullable
/Users/ivoliondov/Github/approov-service-react-native/ios/ApproovService.h:115:29: note: insert '_Nonnull' if the pointer should never be null
  115 | + (NSMutableSet<NSString *> *)sharedExclusionURLRegexs;
      |                             ^
      |                              _Nonnull
/Users/ivoliondov/Github/approov-service-react-native/ios/ApproovService.h:121:13: warning: pointer is missing a nullability type specifier (_Nonnull, _Nullable, or _Null_unspecified) [-Wnullability-completeness]
  121 | + (NSString *)getInstallMessageSignature:(NSString *)message;
      |             ^
/Users/ivoliondov/Github/approov-service-react-native/ios/ApproovService.h:121:13: note: insert '_Nullable' if the pointer may be null
  121 | + (NSString *)getInstallMessageSignature:(NSString *)message;
      |             ^
      |              _Nullable
/Users/ivoliondov/Github/approov-service-react-native/ios/ApproovService.h:121:13: note: insert '_Nonnull' if the pointer should never be null
  121 | + (NSString *)getInstallMessageSignature:(NSString *)message;
      |             ^
      |              _Nonnull
/Users/ivoliondov/Github/approov-service-react-native/ios/ApproovService.h:121:52: warning: pointer is missing a nullability type specifier (_Nonnull, _Nullable, or _Null_unspecified) [-Wnullability-completeness]
  121 | + (NSString *)getInstallMessageSignature:(NSString *)message;
      |                                                    ^
/Users/ivoliondov/Github/approov-service-react-native/ios/ApproovService.h:121:52: note: insert '_Nullable' if the pointer may be null
  121 | + (NSString *)getInstallMessageSignature:(NSString *)message;
      |                                                    ^
      |                                                     _Nullable
/Users/ivoliondov/Github/approov-service-react-native/ios/ApproovService.h:121:52: note: insert '_Nonnull' if the pointer should never be null
  121 | + (NSString *)getInstallMessageSignature:(NSString *)message;
      |                                                    ^
      |                                                     _Nonnull
/Users/ivoliondov/Github/approov-service-react-native/ios/ApproovService.h:127:13: warning: pointer is missing a nullability type specifier (_Nonnull, _Nullable, or _Null_unspecified) [-Wnullability-completeness]
  127 | + (NSString *)getAccountMessageSignature:(NSString *)message;
      |             ^
/Users/ivoliondov/Github/approov-service-react-native/ios/ApproovService.h:127:13: note: insert '_Nullable' if the pointer may be null
  127 | + (NSString *)getAccountMessageSignature:(NSString *)message;
      |             ^
      |              _Nullable
/Users/ivoliondov/Github/approov-service-react-native/ios/ApproovService.h:127:13: note: insert '_Nonnull' if the pointer should never be null
  127 | + (NSString *)getAccountMessageSignature:(NSString *)message;
      |             ^
      |              _Nonnull
/Users/ivoliondov/Github/approov-service-react-native/ios/ApproovService.h:127:52: warning: pointer is missing a nullability type specifier (_Nonnull, _Nullable, or _Null_unspecified) [-Wnullability-completeness]
  127 | + (NSString *)getAccountMessageSignature:(NSString *)message;
      |                                                    ^
/Users/ivoliondov/Github/approov-service-react-native/ios/ApproovService.h:127:52: note: insert '_Nullable' if the pointer may be null
  127 | + (NSString *)getAccountMessageSignature:(NSString *)message;
      |                                                    ^
      |                                                     _Nullable
/Users/ivoliondov/Github/approov-service-react-native/ios/ApproovService.h:127:52: note: insert '_Nonnull' if the pointer should never be null
  127 | + (NSString *)getAccountMessageSignature:(NSString *)message;
      |                                                    ^
      |                                                     _Nonnull
/Users/ivoliondov/Github/approov-service-react-native/ios/ApproovService.h:136:36: warning: pointer is missing a nullability type specifier (_Nonnull, _Nullable, or _Null_unspecified) [-Wnullability-completeness]
  136 | - (void)fetchWithApproov:(NSString *)url
      |                                    ^
/Users/ivoliondov/Github/approov-service-react-native/ios/ApproovService.h:136:36: note: insert '_Nullable' if the pointer may be null
  136 | - (void)fetchWithApproov:(NSString *)url
      |                                    ^
      |                                     _Nullable
/Users/ivoliondov/Github/approov-service-react-native/ios/ApproovService.h:136:36: note: insert '_Nonnull' if the pointer should never be null
  136 | - (void)fetchWithApproov:(NSString *)url
      |                                    ^
      |                                     _Nonnull
/Users/ivoliondov/Github/approov-service-react-native/ios/ApproovService.h:137:40: warning: pointer is missing a nullability type specifier (_Nonnull, _Nullable, or _Null_unspecified) [-Wnullability-completeness]
  137 |                  options:(NSDictionary *)options
      |                                        ^
/Users/ivoliondov/Github/approov-service-react-native/ios/ApproovService.h:137:40: note: insert '_Nullable' if the pointer may be null
  137 |                  options:(NSDictionary *)options
      |                                        ^
      |                                         _Nullable
/Users/ivoliondov/Github/approov-service-react-native/ios/ApproovService.h:137:40: note: insert '_Nonnull' if the pointer should never be null
  137 |                  options:(NSDictionary *)options
      |                                        ^
      |                                         _Nonnull
/Users/ivoliondov/Github/approov-service-react-native/ios/ApproovService.h:138:27: warning: block pointer is missing a nullability type specifier (_Nonnull, _Nullable, or _Null_unspecified) [-Wnullability-completeness]
  138 |                 resolver:(RCTPromiseResolveBlock)resolve
      |                           ^
/Users/ivoliondov/Github/approov-service-react-native/ios/ApproovService.h:138:27: note: insert '_Nullable' if the block pointer may be null
  138 |                 resolver:(RCTPromiseResolveBlock)resolve
      |                           ^                     
      |                                                  _Nullable 
/Users/ivoliondov/Github/approov-service-react-native/ios/ApproovService.h:138:27: note: insert '_Nonnull' if the block pointer should never be null
  138 |                 resolver:(RCTPromiseResolveBlock)resolve
      |                           ^                     
      |                                                  _Nonnull 
/Users/ivoliondov/Github/approov-service-react-native/ios/ApproovService.h:139:27: warning: block pointer is missing a nullability type specifier (_Nonnull, _Nullable, or _Null_unspecified) [-Wnullability-completeness]
  139 |                 rejecter:(RCTPromiseRejectBlock)reject;
      |                           ^
/Users/ivoliondov/Github/approov-service-react-native/ios/ApproovService.h:139:27: note: insert '_Nullable' if the block pointer may be null
  139 |                 rejecter:(RCTPromiseRejectBlock)reject;
      |                           ^                    
      |                                                 _Nullable 
/Users/ivoliondov/Github/approov-service-react-native/ios/ApproovService.h:139:27: note: insert '_Nonnull' if the block pointer should never be null
  139 |                 rejecter:(RCTPromiseRejectBlock)reject;
      |                           ^                    
      |                                                 _Nonnull 
16 warnings generated.
In file included from /Users/ivoliondov/Github/approov-service-react-native/ios/ApproovService.m:25:
/Users/ivoliondov/Github/approov-service-react-native/ios/ApproovService.h:38:24: warning: pointer is missing a nullability type specifier (_Nonnull, _Nullable, or _Null_unspecified) [-Wnullability-completeness]
   38 | @property NSURLRequest *request;
      |                        ^
/Users/ivoliondov/Github/approov-service-react-native/ios/ApproovService.h:38:24: note: insert '_Nullable' if the pointer may be null
   38 | @property NSURLRequest *request;
      |                        ^
      |                          _Nullable 
/Users/ivoliondov/Github/approov-service-react-native/ios/ApproovService.h:38:24: note: insert '_Nonnull' if the pointer should never be null
   38 | @property NSURLRequest *request;
      |                        ^
      |                          _Nonnull 
/Users/ivoliondov/Github/approov-service-react-native/ios/ApproovService.h:85:29: warning: pointer is missing a nullability type specifier (_Nonnull, _Nullable, or _Null_unspecified) [-Wnullability-completeness]
   85 | - (ApproovInterceptorResult *)interceptRequest:(NSURLRequest *)request;
      |                             ^
/Users/ivoliondov/Github/approov-service-react-native/ios/ApproovService.h:85:29: note: insert '_Nullable' if the pointer may be null
   85 | - (ApproovInterceptorResult *)interceptRequest:(NSURLRequest *)request;
      |                             ^
      |                              _Nullable
/Users/ivoliondov/Github/approov-service-react-native/ios/ApproovService.h:85:29: note: insert '_Nonnull' if the pointer should never be null
   85 | - (ApproovInterceptorResult *)interceptRequest:(NSURLRequest *)request;
      |                             ^
      |                              _Nonnull
/Users/ivoliondov/Github/approov-service-react-native/ios/ApproovService.h:85:62: warning: pointer is missing a nullability type specifier (_Nonnull, _Nullable, or _Null_unspecified) [-Wnullability-completeness]
   85 | - (ApproovInterceptorResult *)interceptRequest:(NSURLRequest *)request;
      |                                                              ^
/Users/ivoliondov/Github/approov-service-react-native/ios/ApproovService.h:85:62: note: insert '_Nullable' if the pointer may be null
   85 | - (ApproovInterceptorResult *)interceptRequest:(NSURLRequest *)request;
      |                                                              ^
      |                                                               _Nullable
/Users/ivoliondov/Github/approov-service-react-native/ios/ApproovService.h:85:62: note: insert '_Nonnull' if the pointer should never be null
   85 | - (ApproovInterceptorResult *)interceptRequest:(NSURLRequest *)request;
      |                                                              ^
      |                                                               _Nonnull
/Users/ivoliondov/Github/approov-service-react-native/ios/ApproovService.h:92:37: warning: pointer is missing a nullability type specifier (_Nonnull, _Nullable, or _Null_unspecified) [-Wnullability-completeness]
   92 | - (ApproovTrustDecision)verifyPins:(SecTrustRef)serverTrust
      |                                     ^
/Users/ivoliondov/Github/approov-service-react-native/ios/ApproovService.h:92:37: note: insert '_Nullable' if the pointer may be null
   92 | - (ApproovTrustDecision)verifyPins:(SecTrustRef)serverTrust
      |                                     ^          
      |                                                 _Nullable 
/Users/ivoliondov/Github/approov-service-react-native/ios/ApproovService.h:92:37: note: insert '_Nonnull' if the pointer should never be null
   92 | - (ApproovTrustDecision)verifyPins:(SecTrustRef)serverTrust
      |                                     ^          
      |                                                 _Nonnull 
/Users/ivoliondov/Github/approov-service-react-native/ios/ApproovService.h:93:46: warning: pointer is missing a nullability type specifier (_Nonnull, _Nullable, or _Null_unspecified) [-Wnullability-completeness]
   93 |                            forHost:(NSString *)host;
      |                                              ^
/Users/ivoliondov/Github/approov-service-react-native/ios/ApproovService.h:93:46: note: insert '_Nullable' if the pointer may be null
   93 |                            forHost:(NSString *)host;
      |                                              ^
      |                                               _Nullable
/Users/ivoliondov/Github/approov-service-react-native/ios/ApproovService.h:93:46: note: insert '_Nonnull' if the pointer should never be null
   93 |                            forHost:(NSString *)host;
      |                                              ^
      |                                               _Nonnull
/Users/ivoliondov/Github/approov-service-react-native/ios/ApproovService.h:105:13: warning: pointer is missing a nullability type specifier (_Nonnull, _Nullable, or _Null_unspecified) [-Wnullability-completeness]
  105 | + (NSString *)sharedTokenHeader;
      |             ^
/Users/ivoliondov/Github/approov-service-react-native/ios/ApproovService.h:105:13: note: insert '_Nullable' if the pointer may be null
  105 | + (NSString *)sharedTokenHeader;
      |             ^
      |              _Nullable
/Users/ivoliondov/Github/approov-service-react-native/ios/ApproovService.h:105:13: note: insert '_Nonnull' if the pointer should never be null
  105 | + (NSString *)sharedTokenHeader;
      |             ^
      |              _Nonnull
/Users/ivoliondov/Github/approov-service-react-native/ios/ApproovService.h:110:13: warning: pointer is missing a nullability type specifier (_Nonnull, _Nullable, or _Null_unspecified) [-Wnullability-completeness]
  110 | + (NSString *)sharedTraceIDHeader;
      |             ^
/Users/ivoliondov/Github/approov-service-react-native/ios/ApproovService.h:110:13: note: insert '_Nullable' if the pointer may be null
  110 | + (NSString *)sharedTraceIDHeader;
      |             ^
      |              _Nullable
/Users/ivoliondov/Github/approov-service-react-native/ios/ApproovService.h:110:13: note: insert '_Nonnull' if the pointer should never be null
  110 | + (NSString *)sharedTraceIDHeader;
      |             ^
      |              _Nonnull
/Users/ivoliondov/Github/approov-service-react-native/ios/ApproovService.h:115:29: warning: pointer is missing a nullability type specifier (_Nonnull, _Nullable, or _Null_unspecified) [-Wnullability-completeness]
  115 | + (NSMutableSet<NSString *> *)sharedExclusionURLRegexs;
      |                             ^
/Users/ivoliondov/Github/approov-service-react-native/ios/ApproovService.h:115:29: note: insert '_Nullable' if the pointer may be null
  115 | + (NSMutableSet<NSString *> *)sharedExclusionURLRegexs;
      |                             ^
      |                              _Nullable
/Users/ivoliondov/Github/approov-service-react-native/ios/ApproovService.h:115:29: note: insert '_Nonnull' if the pointer should never be null
  115 | + (NSMutableSet<NSString *> *)sharedExclusionURLRegexs;
      |                             ^
      |                              _Nonnull
/Users/ivoliondov/Github/approov-service-react-native/ios/ApproovService.h:121:13: warning: pointer is missing a nullability type specifier (_Nonnull, _Nullable, or _Null_unspecified) [-Wnullability-completeness]
  121 | + (NSString *)getInstallMessageSignature:(NSString *)message;
      |             ^
/Users/ivoliondov/Github/approov-service-react-native/ios/ApproovService.h:121:13: note: insert '_Nullable' if the pointer may be null
  121 | + (NSString *)getInstallMessageSignature:(NSString *)message;
      |             ^
      |              _Nullable
/Users/ivoliondov/Github/approov-service-react-native/ios/ApproovService.h:121:13: note: insert '_Nonnull' if the pointer should never be null
  121 | + (NSString *)getInstallMessageSignature:(NSString *)message;
      |             ^
      |              _Nonnull
/Users/ivoliondov/Github/approov-service-react-native/ios/ApproovService.h:121:52: warning: pointer is missing a nullability type specifier (_Nonnull, _Nullable, or _Null_unspecified) [-Wnullability-completeness]
  121 | + (NSString *)getInstallMessageSignature:(NSString *)message;
      |                                                    ^
/Users/ivoliondov/Github/approov-service-react-native/ios/ApproovService.h:121:52: note: insert '_Nullable' if the pointer may be null
  121 | + (NSString *)getInstallMessageSignature:(NSString *)message;
      |                                                    ^
      |                                                     _Nullable
/Users/ivoliondov/Github/approov-service-react-native/ios/ApproovService.h:121:52: note: insert '_Nonnull' if the pointer should never be null
  121 | + (NSString *)getInstallMessageSignature:(NSString *)message;
      |                                                    ^
      |                                                     _Nonnull
/Users/ivoliondov/Github/approov-service-react-native/ios/ApproovService.h:127:13: warning: pointer is missing a nullability type specifier (_Nonnull, _Nullable, or _Null_unspecified) [-Wnullability-completeness]
  127 | + (NSString *)getAccountMessageSignature:(NSString *)message;
      |             ^
/Users/ivoliondov/Github/approov-service-react-native/ios/ApproovService.h:127:13: note: insert '_Nullable' if the pointer may be null
  127 | + (NSString *)getAccountMessageSignature:(NSString *)message;
      |             ^
      |              _Nullable
/Users/ivoliondov/Github/approov-service-react-native/ios/ApproovService.h:127:13: note: insert '_Nonnull' if the pointer should never be null
  127 | + (NSString *)getAccountMessageSignature:(NSString *)message;
      |             ^
      |              _Nonnull
/Users/ivoliondov/Github/approov-service-react-native/ios/ApproovService.h:127:52: warning: pointer is missing a nullability type specifier (_Nonnull, _Nullable, or _Null_unspecified) [-Wnullability-completeness]
  127 | + (NSString *)getAccountMessageSignature:(NSString *)message;
      |                                                    ^
/Users/ivoliondov/Github/approov-service-react-native/ios/ApproovService.h:127:52: note: insert '_Nullable' if the pointer may be null
  127 | + (NSString *)getAccountMessageSignature:(NSString *)message;
      |                                                    ^
      |                                                     _Nullable
/Users/ivoliondov/Github/approov-service-react-native/ios/ApproovService.h:127:52: note: insert '_Nonnull' if the pointer should never be null
  127 | + (NSString *)getAccountMessageSignature:(NSString *)message;
      |                                                    ^
      |                                                     _Nonnull
/Users/ivoliondov/Github/approov-service-react-native/ios/ApproovService.h:136:36: warning: pointer is missing a nullability type specifier (_Nonnull, _Nullable, or _Null_unspecified) [-Wnullability-completeness]
  136 | - (void)fetchWithApproov:(NSString *)url
      |                                    ^
/Users/ivoliondov/Github/approov-service-react-native/ios/ApproovService.h:136:36: note: insert '_Nullable' if the pointer may be null
  136 | - (void)fetchWithApproov:(NSString *)url
      |                                    ^
      |                                     _Nullable
/Users/ivoliondov/Github/approov-service-react-native/ios/ApproovService.h:136:36: note: insert '_Nonnull' if the pointer should never be null
  136 | - (void)fetchWithApproov:(NSString *)url
      |                                    ^
      |                                     _Nonnull
/Users/ivoliondov/Github/approov-service-react-native/ios/ApproovService.h:137:40: warning: pointer is missing a nullability type specifier (_Nonnull, _Nullable, or _Null_unspecified) [-Wnullability-completeness]
  137 |                  options:(NSDictionary *)options
      |                                        ^
/Users/ivoliondov/Github/approov-service-react-native/ios/ApproovService.h:137:40: note: insert '_Nullable' if the pointer may be null
  137 |                  options:(NSDictionary *)options
      |                                        ^
      |                                         _Nullable
/Users/ivoliondov/Github/approov-service-react-native/ios/ApproovService.h:137:40: note: insert '_Nonnull' if the pointer should never be null
  137 |                  options:(NSDictionary *)options
      |                                        ^
      |                                         _Nonnull
/Users/ivoliondov/Github/approov-service-react-native/ios/ApproovService.h:138:27: warning: block pointer is missing a nullability type specifier (_Nonnull, _Nullable, or _Null_unspecified) [-Wnullability-completeness]
  138 |                 resolver:(RCTPromiseResolveBlock)resolve
      |                           ^
/Users/ivoliondov/Github/approov-service-react-native/ios/ApproovService.h:138:27: note: insert '_Nullable' if the block pointer may be null
  138 |                 resolver:(RCTPromiseResolveBlock)resolve
      |                           ^                     
      |                                                  _Nullable 
/Users/ivoliondov/Github/approov-service-react-native/ios/ApproovService.h:138:27: note: insert '_Nonnull' if the block pointer should never be null
  138 |                 resolver:(RCTPromiseResolveBlock)resolve
      |                           ^                     
      |                                                  _Nonnull 
/Users/ivoliondov/Github/approov-service-react-native/ios/ApproovService.h:139:27: warning: block pointer is missing a nullability type specifier (_Nonnull, _Nullable, or _Null_unspecified) [-Wnullability-completeness]
  139 |                 rejecter:(RCTPromiseRejectBlock)reject;
      |                           ^
/Users/ivoliondov/Github/approov-service-react-native/ios/ApproovService.h:139:27: note: insert '_Nullable' if the block pointer may be null
  139 |                 rejecter:(RCTPromiseRejectBlock)reject;
      |                           ^                    
      |                                                 _Nullable 
/Users/ivoliondov/Github/approov-service-react-native/ios/ApproovService.h:139:27: note: insert '_Nonnull' if the block pointer should never be null
  139 |                 rejecter:(RCTPromiseRejectBlock)reject;
      |                           ^                    
      |                                                 _Nonnull 
/Users/ivoliondov/Github/approov-service-react-native/ios/ApproovService.m:1649:14: warning: 'SecTrustEvaluate' is deprecated: first deprecated in macOS 10.15 [-Wdeprecated-declarations]
 1649 |     status = SecTrustEvaluate(trust, &result);
      |              ^~~~~~~~~~~~~~~~
      |              SecTrustEvaluateWithError
/Applications/Xcode.app/Contents/Developer/Platforms/MacOSX.platform/Developer/SDKs/MacOSX.sdk/System/Library/Frameworks/Security.framework/Headers/SecTrust.h:377:10: note: 'SecTrustEvaluate' has been explicitly marked deprecated here
  377 | OSStatus SecTrustEvaluate(SecTrustRef trust, SecTrustResultType *result)
      |          ^
/Users/ivoliondov/Github/approov-service-react-native/ios/ApproovService.m:1656:17: warning: 'SecTrustCopyPublicKey' is deprecated: first deprecated in macOS 11.0 [-Wdeprecated-declarations]
 1656 |     publicKey = SecTrustCopyPublicKey(trust);
      |                 ^~~~~~~~~~~~~~~~~~~~~
      |                 SecTrustCopyKey
/Applications/Xcode.app/Contents/Developer/Platforms/MacOSX.platform/Developer/SDKs/MacOSX.sdk/System/Library/Frameworks/Security.framework/Headers/SecTrust.h:489:11: note: 'SecTrustCopyPublicKey' has been explicitly marked deprecated here
  489 | SecKeyRef SecTrustCopyPublicKey(SecTrustRef trust)
      |           ^
/Users/ivoliondov/Github/approov-service-react-native/ios/ApproovService.m:1711:21: warning: 'SecTrustEvaluate' is deprecated: first deprecated in macOS 10.15 [-Wdeprecated-declarations]
 1711 |   OSStatus status = SecTrustEvaluate(serverTrust, &result);
      |                     ^~~~~~~~~~~~~~~~
      |                     SecTrustEvaluateWithError
/Applications/Xcode.app/Contents/Developer/Platforms/MacOSX.platform/Developer/SDKs/MacOSX.sdk/System/Library/Frameworks/Security.framework/Headers/SecTrust.h:377:10: note: 'SecTrustEvaluate' has been explicitly marked deprecated here
  377 | OSStatus SecTrustEvaluate(SecTrustRef trust, SecTrustResultType *result)
      |          ^
/Users/ivoliondov/Github/approov-service-react-native/ios/ApproovService.m:1749:9: warning: 'SecTrustGetCertificateAtIndex' is deprecated: first deprecated in macOS 12.0 [-Wdeprecated-declarations]
 1749 |         SecTrustGetCertificateAtIndex(serverTrust, indexCurrentCert);
      |         ^~~~~~~~~~~~~~~~~~~~~~~~~~~~~
      |         SecTrustCopyCertificateChain
/Applications/Xcode.app/Contents/Developer/Platforms/MacOSX.platform/Developer/SDKs/MacOSX.sdk/System/Library/Frameworks/Security.framework/Headers/SecTrust.h:536:19: note: 'SecTrustGetCertificateAtIndex' has been explicitly marked deprecated here
  536 | SecCertificateRef SecTrustGetCertificateAtIndex(SecTrustRef trust, CFIndex ix)
      |                   ^
20 warnings generated.
2026-04-11 20:26:11.665 ApproovNativeMiniSDKTests[34139:1080929] Approov cb-ivol, io.approov.reactnative.tests.minisdk, 3.5.3(7361), daIvmEWBA2gvZny7a/RC/w==
2026-04-11 20:26:11.762 ApproovNativeMiniSDKTests[34139:1080929] Approov cb-ivol, io.approov.reactnative.tests.minisdk, 3.5.3(7361), daIvmEWBA2gvZny7a/RC/w==
2026-04-11 20:26:11.765 ApproovNativeMiniSDKTests[34139:1080929] Approov cb-ivol, io.approov.reactnative.tests.minisdk, 3.5.3(7361), daIvmEWBA2gvZny7a/RC/w==
2026-04-11 20:26:11.768 ApproovNativeMiniSDKTests[34139:1080929] Approov cb-ivol, io.approov.reactnative.tests.minisdk, 3.5.3(7361), daIvmEWBA2gvZny7a/RC/w==
2026-04-11 20:26:11.770 ApproovNativeMiniSDKTests[34139:1080929] Approov cb-ivol, io.approov.reactnative.tests.minisdk, 3.5.3(7361), daIvmEWBA2gvZny7a/RC/w==
2026-04-11 20:26:11.872 ApproovNativeMiniSDKTests[34139:1080929] Approov cb-ivol, io.approov.reactnative.tests.minisdk, 3.5.3(7361), daIvmEWBA2gvZny7a/RC/w==
2026-04-11 20:26:11.974 ApproovNativeMiniSDKTests[34139:1080929] Approov cb-ivol, io.approov.reactnative.tests.minisdk, 3.5.3(7361), daIvmEWBA2gvZny7a/RC/w==
2026-04-11 20:26:12.089 ApproovNativeMiniSDKTests[34139:1080929] Approov cb-ivol, io.approov.reactnative.tests.minisdk, 3.5.3(7361), daIvmEWBA2gvZny7a/RC/w==
2026-04-11 20:26:12.174 ApproovNativeMiniSDKTests[34139:1080929] Approov cb-ivol, io.approov.reactnative.tests.minisdk, 3.5.3(7361), daIvmEWBA2gvZny7a/RC/w==
2026-04-11 20:26:12.283 ApproovNativeMiniSDKTests[34139:1080929] Approov cb-ivol, io.approov.reactnative.tests.minisdk, 3.5.3(7361), daIvmEWBA2gvZny7a/RC/w==
2026-04-11 20:26:12.330 ApproovNativeMiniSDKTests[34139:1080929] Approov cb-ivol, io.approov.reactnative.tests.minisdk, 3.5.3(7361), daIvmEWBA2gvZny7a/RC/w==
2026-04-11 20:26:12.424 ApproovNativeMiniSDKTests[34139:1080929] Approov cb-ivol, io.approov.reactnative.tests.minisdk, 3.5.3(7361), daIvmEWBA2gvZny7a/RC/w==
2026-04-11 20:26:12.468 ApproovNativeMiniSDKTests[34139:1080929] Approov cb-ivol, io.approov.reactnative.tests.minisdk, 3.5.3(7361), daIvmEWBA2gvZny7a/RC/w==
2026-04-11 20:26:12.552 ApproovNativeMiniSDKTests[34139:1080929] Approov cb-ivol, io.approov.reactnative.tests.minisdk, 3.5.3(7361), daIvmEWBA2gvZny7a/RC/w==
2026-04-11 20:26:12.590 ApproovNativeMiniSDKTests[34139:1080929] Approov cb-ivol, io.approov.reactnative.tests.minisdk, 3.5.3(7361), daIvmEWBA2gvZny7a/RC/w==
2026-04-11 20:26:12.711 ApproovNativeMiniSDKTests[34139:1080929] Approov cb-ivol, io.approov.reactnative.tests.minisdk, 3.5.3(7361), daIvmEWBA2gvZny7a/RC/w==
2026-04-11 20:26:12.874 ApproovNativeMiniSDKTests[34139:1080929] Approov cb-ivol, io.approov.reactnative.tests.minisdk, 3.5.3(7361), daIvmEWBA2gvZny7a/RC/w==
2026-04-11 20:26:12.877 ApproovNativeMiniSDKTests[34139:1080929] Approov cb-ivol, io.approov.reactnative.tests.minisdk, 3.5.3(7361), daIvmEWBA2gvZny7a/RC/w==
2026-04-11 20:26:12.880 ApproovNativeMiniSDKTests[34139:1080929] Approov cb-ivol, io.approov.reactnative.tests.minisdk, 3.5.3(7361), daIvmEWBA2gvZny7a/RC/w==
2026-04-11 20:26:12.883 ApproovNativeMiniSDKTests[34139:1080929] Approov cb-ivol, io.approov.reactnative.tests.minisdk, 3.5.3(7361), daIvmEWBA2gvZny7a/RC/w==
2026-04-11 20:26:12.887 ApproovNativeMiniSDKTests[34139:1080929] Approov cb-ivol, io.approov.reactnative.tests.minisdk, 3.5.3(7361), daIvmEWBA2gvZny7a/RC/w==
2026-04-11 20:26:12.890 ApproovNativeMiniSDKTests[34139:1080929] Approov cb-ivol, io.approov.reactnative.tests.minisdk, 3.5.3(7361), daIvmEWBA2gvZny7a/RC/w==
2026-04-11 20:26:12.895 ApproovNativeMiniSDKTests[34139:1080929] Approov cb-ivol, io.approov.reactnative.tests.minisdk, 3.5.3(7361), daIvmEWBA2gvZny7a/RC/w==
2026-04-11 20:26:13.006 ApproovNativeMiniSDKTests[34139:1080929] Approov cb-ivol, io.approov.reactnative.tests.minisdk, 3.5.3(7361), daIvmEWBA2gvZny7a/RC/w==
2026-04-11 20:26:13.096 ApproovNativeMiniSDKTests[34139:1080929] Approov cb-ivol, io.approov.reactnative.tests.minisdk, 3.5.3(7361), daIvmEWBA2gvZny7a/RC/w==
2026-04-11 20:26:13.098 ApproovNativeMiniSDKTests[34139:1080929] Approov cb-ivol, io.approov.reactnative.tests.minisdk, 3.5.3(7361), daIvmEWBA2gvZny7a/RC/w==
2026-04-11 20:26:13.103 ApproovNativeMiniSDKTests[34139:1080929] Approov cb-ivol, io.approov.reactnative.tests.minisdk, 3.5.3(7361), daIvmEWBA2gvZny7a/RC/w==
2026-04-11 20:26:13.105 ApproovNativeMiniSDKTests[34139:1080929] Approov cb-ivol, io.approov.reactnative.tests.minisdk, 3.5.3(7361), daIvmEWBA2gvZny7a/RC/w==
2026-04-11 20:26:13.108 ApproovNativeMiniSDKTests[34139:1080929] Approov cb-ivol, io.approov.reactnative.tests.minisdk, 3.5.3(7361), daIvmEWBA2gvZny7a/RC/w==
2026-04-11 20:26:13.110 ApproovNativeMiniSDKTests[34139:1080929] Approov cb-ivol, io.approov.reactnative.tests.minisdk, 3.5.3(7361), daIvmEWBA2gvZny7a/RC/w==
2026-04-11 20:26:13.113 ApproovNativeMiniSDKTests[34139:1080929] Approov cb-ivol, io.approov.reactnative.tests.minisdk, 3.5.3(7361), daIvmEWBA2gvZny7a/RC/w==
2026-04-11 20:26:13.193 ApproovNativeMiniSDKTests[34139:1080929] Approov cb-ivol, io.approov.reactnative.tests.minisdk, 3.5.3(7361), daIvmEWBA2gvZny7a/RC/w==
2026-04-11 20:26:13.275 ApproovNativeMiniSDKTests[34139:1080929] Approov cb-ivol, io.approov.reactnative.tests.minisdk, 3.5.3(7361), daIvmEWBA2gvZny7a/RC/w==
2026-04-11 20:26:13.359 ApproovNativeMiniSDKTests[34139:1080929] Approov cb-ivol, io.approov.reactnative.tests.minisdk, 3.5.3(7361), daIvmEWBA2gvZny7a/RC/w==
2026-04-11 20:26:13.450 ApproovNativeMiniSDKTests[34139:1080929] Approov cb-ivol, io.approov.reactnative.tests.minisdk, 3.5.3(7361), daIvmEWBA2gvZny7a/RC/w==
2026-04-11 20:26:13.601 ApproovNativeMiniSDKTests[34139:1080929] Approov cb-ivol, io.approov.reactnative.tests.minisdk, 3.5.3(7361), daIvmEWBA2gvZny7a/RC/w==
2026-04-11 20:26:13.751 ApproovNativeMiniSDKTests[34139:1080929] Approov cb-ivol, io.approov.reactnative.tests.minisdk, 3.5.3(7361), daIvmEWBA2gvZny7a/RC/w==
2026-04-11 20:26:13.907 ApproovNativeMiniSDKTests[34139:1080929] Approov cb-ivol, io.approov.reactnative.tests.minisdk, 3.5.3(7361), daIvmEWBA2gvZny7a/RC/w==
2026-04-11 20:26:13.908 ApproovNativeMiniSDKTests[34139:1080941] Approov: Proceeding with failure status 4, useApproovStatusIfNoToken=1
2026-04-11 20:26:13.993 ApproovNativeMiniSDKTests[34139:1080929] Approov cb-ivol, io.approov.reactnative.tests.minisdk, 3.5.3(7361), daIvmEWBA2gvZny7a/RC/w==
2026-04-11 20:26:13.994 ApproovNativeMiniSDKTests[34139:1080941] Approov: Proceeding with failure status 4, useApproovStatusIfNoToken=0
2026-04-11 20:26:14.091 ApproovNativeMiniSDKTests[34139:1080929] Approov cb-ivol, io.approov.reactnative.tests.minisdk, 3.5.3(7361), daIvmEWBA2gvZny7a/RC/w==
2026-04-11 20:26:14.092 ApproovNativeMiniSDKTests[34139:1080941] Approov: Proceeding with failure status 3, useApproovStatusIfNoToken=1
2026-04-11 20:26:14.174 ApproovNativeMiniSDKTests[34139:1080929] Approov cb-ivol, io.approov.reactnative.tests.minisdk, 3.5.3(7361), daIvmEWBA2gvZny7a/RC/w==
2026-04-11 20:26:14.242 ApproovNativeMiniSDKTests[34139:1080929] Approov cb-ivol, io.approov.reactnative.tests.minisdk, 3.5.3(7361), daIvmEWBA2gvZny7a/RC/w==
2026-04-11 20:26:14.313 ApproovNativeMiniSDKTests[34139:1080929] Approov cb-ivol, io.approov.reactnative.tests.minisdk, 3.5.3(7361), daIvmEWBA2gvZny7a/RC/w==
2026-04-11 20:26:14.404 ApproovNativeMiniSDKTests[34139:1080929] Approov cb-ivol, io.approov.reactnative.tests.minisdk, 3.5.3(7361), daIvmEWBA2gvZny7a/RC/w==
2026-04-11 20:26:14.478 ApproovNativeMiniSDKTests[34139:1080929] Approov cb-ivol, io.approov.reactnative.tests.minisdk, 3.5.3(7361), daIvmEWBA2gvZny7a/RC/w==
2026-04-11 20:26:14.572 ApproovNativeMiniSDKTests[34139:1080929] Approov cb-ivol, io.approov.reactnative.tests.minisdk, 3.5.3(7361), daIvmEWBA2gvZny7a/RC/w==
2026-04-11 20:26:14.577 ApproovNativeMiniSDKTests[34139:1080929] Approov cb-ivol, io.approov.reactnative.tests.minisdk, 3.5.3(7361), daIvmEWBA2gvZny7a/RC/w==
2026-04-11 20:26:14.580 ApproovNativeMiniSDKTests[34139:1080929] Approov cb-ivol, io.approov.reactnative.tests.minisdk, 3.5.3(7361), daIvmEWBA2gvZny7a/RC/w==
2026-04-11 20:26:14.584 ApproovNativeMiniSDKTests[34139:1080929] Approov cb-ivol, io.approov.reactnative.tests.minisdk, 3.5.3(7361), daIvmEWBA2gvZny7a/RC/w==
2026-04-11 20:26:14.585 ApproovNativeMiniSDKTests[34139:1080929] Approov: Proceeding with failure status 2, useApproovStatusIfNoToken=1
2026-04-11 20:26:14.586 ApproovNativeMiniSDKTests[34139:1080929] Approov cb-ivol, io.approov.reactnative.tests.minisdk, 3.5.3(7361), daIvmEWBA2gvZny7a/RC/w==
2026-04-11 20:26:14.589 ApproovNativeMiniSDKTests[34139:1080929] Approov cb-ivol, io.approov.reactnative.tests.minisdk, 3.5.3(7361), daIvmEWBA2gvZny7a/RC/w==
2026-04-11 20:26:14.590 ApproovNativeMiniSDKTests[34139:1080929] Approov: Proceeding with failure status 4, useApproovStatusIfNoToken=0
2026-04-11 20:26:14.592 ApproovNativeMiniSDKTests[34139:1080929] Approov cb-ivol, io.approov.reactnative.tests.minisdk, 3.5.3(7361), daIvmEWBA2gvZny7a/RC/w==
2026-04-11 20:26:14.592 ApproovNativeMiniSDKTests[34139:1080929] All iOS native mini-sdk tests passed
